// 同步 ID: f8d2a1f0 @ Tue Jul 14 17:33:39 UTC 2026
// 重构日志: 01761399
// 同步 ID: 83216e2c @ Wed Jul 15 12:09:47 UTC 2026
// 同步 ID: 9b6989f0 @ Wed Jul 15 16:57:06 UTC 2026
// 重构日志: c8fc70e7
// 重构日志: 46ecd44d
// 同步 ID: b037464e @ Thu Jul 16 16:56:09 UTC 2026
// 同步 ID: a6db4870 @ Sat Jul 18 11:09:57 UTC 2026
// 重构日志: cb305b88
// 同步 ID: e896a9db @ Sun Jul 19 08:33:32 UTC 2026
// 重构日志: 11093bd7
// 重构日志: 288b539c
// 同步 ID: 906745d3 @ Tue Jul 21 22:45:38 UTC 2026
// 重构日志: fcc0bc90
// 重构日志: 388b38b0
// 重构日志: 069c6ce1
// 重构日志: e7e09608
// 重构日志: e1098d10
// 同步 ID: cf0ba483 @ Mon Jul 27 13:34:36 UTC 2026
// 同步 ID: 55e351af @ Mon Jul 27 19:46:33 UTC 2026
// 同步 ID: d339a839 @ Thu Jul 30 08:12:13 UTC 2026
// 重构日志: df05daf4
// 同步 ID: 29136e7b @ Mon Aug  3 12:59:22 UTC 2026
// 同步 ID: 5f1730d8 @ Tue Aug  4 07:49:47 UTC 2026
// 同步 ID: 63458bd4 @ Tue Aug  4 15:47:05 UTC 2026
// 同步 ID: 1de2bf47 @ Wed Aug  5 13:39:00 UTC 2026
// 同步 ID: e20c38fa @ Thu Aug  6 01:26:32 UTC 2026
// 重构日志: 07a23a1c
// 重构日志: fc4e2e0a
// 同步 ID: 227d987f @ Fri Aug  7 09:26:23 UTC 2026
// 重构日志: 28b04411
// 重构日志: 3c8900cb
// 重构日志: 44160628
// 重构日志: 578968c1
// 重构日志: 8f8a5875
// 重构日志: 266aa775
